[2026-08-20 18:13:54] Excel loaded and validated successfully.
[2026-08-20 18:13:59] Excel loaded and validated successfully.
[2026-08-20 18:14:49] Email sending process started.
[2026-08-20 18:14:49] 📋 Campaign ID: ESM-20260820-1787220889
[2026-08-20 18:14:49] 📋 Campaign created: ESM-20260820-1787220889
[2026-08-20 18:14:49] 🔍 Starting Excel data validation...
[2026-08-20 18:14:49] ✅ Validation complete. 1 valid rows ready to send.
[2026-08-20 18:14:50] ✅ Connected to Outlook successfully.
[2026-08-20 18:14:54] ✅ Sent to jhudel.acabar@gmail.com
[2026-08-20 18:14:54] 📊 Sending complete: 1 sent, 0 failed, 0 unknown, 0 cancelled
[2026-08-20 18:19:52] Excel loaded and validated successfully.
[2026-08-20 18:20:07] Email sending process started.
[2026-08-20 18:20:07] 📋 Campaign ID: ESM-20260820-1787221207
[2026-08-20 18:20:07] 📋 Campaign created: ESM-20260820-1787221207
[2026-08-20 18:20:07] 🔍 Starting Excel data validation...
[2026-08-20 18:20:08] ✅ Validation complete. 5 valid rows ready to send.
[2026-08-20 18:20:09] ✅ Connected to Outlook successfully.
[2026-08-20 18:20:39] ⚠️ Uncertain state for jhudel.acabar@gmail.com: Confirmation timeout - email may have been sent
[2026-08-20 18:21:09] ⚠️ Uncertain state for agdeguzman@acabar.com.ph: Confirmation timeout - email may have been sent
[2026-08-20 18:21:40] ⚠️ Uncertain state for rdibay@acabar.com.ph: Confirmation timeout - email may have been sent
[2026-08-20 18:22:10] ⚠️ Uncertain state for vsse@acabar.com.ph: Confirmation timeout - email may have been sent
[2026-08-20 18:22:40] ⚠️ Uncertain state for rmmandap@acabar.com.ph: Confirmation timeout - email may have been sent
[2026-08-20 18:22:40] 📊 Sending complete: 0 sent, 0 failed, 5 unknown, 0 cancelled
[2026-08-20 18:22:40] ⚠️ Some emails have unknown status. These were not automatically retried to prevent duplicate sends.
[2026-08-20 18:24:28] Email sending process started.
[2026-08-20 18:24:28] 📋 Campaign ID: ESM-20260820-1787221468
[2026-08-20 18:24:28] 📋 Campaign created: ESM-20260820-1787221468
[2026-08-20 18:24:28] 🔍 Starting Excel data validation...
[2026-08-20 18:24:28] ✅ Validation complete. 5 valid rows ready to send.
[2026-08-20 18:24:28] ✅ Connected to Outlook successfully.
[2026-08-20 18:25:00] ⚠️ Uncertain state for jhudel.acabar@gmail.com: Confirmation timeout - email may have been sent
[2026-08-20 18:25:08] ⛔ Sending stopped by user.
[2026-08-20 18:25:30] ⚠️ Uncertain state for agdeguzman@acabar.com.ph: Confirmation timeout - email may have been sent
[2026-08-20 18:25:30] ⛔ Sending stopped by user.
[2026-08-20 18:25:30] 📊 Sending complete: 0 sent, 0 failed, 2 unknown, 3 cancelled
[2026-08-20 18:25:30] ⚠️ Some emails have unknown status. These were not automatically retried to prevent duplicate sends.
[2026-08-20 18:29:12] Excel loaded and validated successfully.
[2026-08-20 18:29:26] Email sending process started.
[2026-08-20 18:29:26] 📋 Campaign ID: ESM-20260820-1787221766
[2026-08-20 18:29:26] 📋 Campaign created: ESM-20260820-1787221766
[2026-08-20 18:29:26] 🔍 Starting Excel data validation...
[2026-08-20 18:29:26] ✅ Validation complete. 5 valid rows ready to send.
[2026-08-20 18:29:26] ✅ Connected to Outlook successfully.
[2026-08-20 18:29:26] ✅ Sent to jhudel.acabar@gmail.com
[2026-08-20 18:29:39] ✅ Sent to agdeguzman@acabar.com.ph
[2026-08-20 18:29:40] ✅ Sent to rdibay@acabar.com.ph
[2026-08-20 18:29:53] ✅ Sent to vsse@acabar.com.ph
[2026-08-20 18:29:53] ✅ Sent to rmmandap@acabar.com.ph
[2026-08-20 18:29:53] 📊 Sending complete: 5 sent, 0 failed, 0 unknown, 0 cancelled
[2026-08-20 18:33:14] Excel loaded and validated successfully.
[2026-08-20 18:33:19] Excel loaded and validated successfully.
[2026-08-20 18:34:19] Excel loaded and validated successfully.
[2026-08-20 18:38:25] Excel loaded and validated successfully.
[2026-08-20 18:39:18] Email sending process started.
[2026-08-20 18:39:18] 📋 Campaign ID: ESM-20260820-1787222358
[2026-08-20 18:39:18] 📋 Campaign created: ESM-20260820-1787222358
[2026-08-20 18:39:18] 🔍 Starting Excel data validation...
[2026-08-20 18:39:18] ✅ Validation complete. 5 valid rows ready to send.
[2026-08-20 18:39:18] ✅ Connected to Outlook successfully.
[2026-08-20 18:39:19] ✅ Sent to jhudel.acabar@gmail.com
[2026-08-20 18:39:32] ✅ Sent to agdeguzman@acabar.com.ph
[2026-08-20 18:39:32] ✅ Sent to rdibay@acabar.com.ph
[2026-08-20 18:39:33] ✅ Sent to vsse@acabar.com.ph
[2026-08-20 18:39:34] ✅ Sent to rmmandap@acabar.com.ph
[2026-08-20 18:39:34] 📊 Sending complete: 5 sent, 0 failed, 0 unknown, 0 cancelled
[2026-08-20 18:41:09] Excel loaded and validated successfully.
[2026-08-20 18:42:56] Excel loaded and validated successfully.
[2026-08-20 18:43:02] Email sending process started.
[2026-08-20 18:43:02] 📋 Campaign ID: ESM-20260820-1787222582
[2026-08-20 18:43:02] 📋 Campaign created: ESM-20260820-1787222582
[2026-08-20 18:43:02] 🔍 Starting Excel data validation...
[2026-08-20 18:43:02] ✅ Validation complete. 5 valid rows ready to send.
[2026-08-20 18:43:02] ✅ Connected to Outlook successfully.
[2026-08-20 18:43:04] ✅ Sent to jhudel.acabar@gmail.com
[2026-08-20 18:43:05] ❌ Failed to send to agdeguzman@acabar.com.ph: Outlook is not available
[2026-08-20 18:43:05] ❌ Failed to send to rdibay@acabar.com.ph: Outlook is not available
[2026-08-20 18:43:06] ❌ Failed to send to vsse@acabar.com.ph: Outlook is not available
[2026-08-20 18:43:06] ❌ Failed to send to rmmandap@acabar.com.ph: Outlook is not available
[2026-08-20 18:43:06] 🔄 Retrying 4 failed emails...
[2026-08-20 18:43:06] 🔄 Retry attempt 1/3
[2026-08-20 18:43:10] 🔄 Retry attempt 2/3
[2026-08-20 18:43:14] 🔄 Retry attempt 3/3
[2026-08-20 18:43:18] 📊 Sending complete: 1 sent, 4 failed, 0 unknown, 0 cancelled
[2026-08-20 18:43:59] Email sending process started.
[2026-08-20 18:43:59] 📋 Campaign ID: ESM-20260820-1787222639
[2026-08-20 18:43:59] 📋 Campaign created: ESM-20260820-1787222639
[2026-08-20 18:43:59] 🔍 Starting Excel data validation...
[2026-08-20 18:43:59] ✅ Validation complete. 5 valid rows ready to send.
[2026-08-20 18:43:59] ✅ Connected to Outlook successfully.
[2026-08-20 18:44:00] ✅ Sent to jhudel.acabar@gmail.com
[2026-08-20 18:44:13] ✅ Sent to agdeguzman@acabar.com.ph
[2026-08-20 18:44:13] ✅ Sent to rdibay@acabar.com.ph
[2026-08-20 18:44:14] ✅ Sent to vsse@acabar.com.ph
[2026-08-20 18:44:15] ✅ Sent to rmmandap@acabar.com.ph
[2026-08-20 18:44:15] 📊 Sending complete: 5 sent, 0 failed, 0 unknown, 0 cancelled
[2026-08-20 18:48:51] Excel loaded and validated successfully.
[2026-08-20 18:49:04] Email sending process started.
[2026-08-20 18:49:04] 📋 Campaign ID: ESM-20260820-1787222944
[2026-08-20 18:49:04] 📋 Campaign created: ESM-20260820-1787222944
[2026-08-20 18:49:04] 🔍 Starting Excel data validation...
[2026-08-20 18:49:04] ✅ Validation complete. 5 valid rows ready to send.
[2026-08-20 18:49:05] ✅ Connected to Outlook successfully.
[2026-08-20 18:49:09] ✅ Sent to jhudel.acabar@gmail.com
[2026-08-20 18:49:56] ❌ Failed to send to agdeguzman@acabar.com.ph: Outlook did not accept the message (not found in Sent or Outbox). Check Outlook for security prompts or Drafts.
[2026-08-20 18:50:01] ✅ Sent to rdibay@acabar.com.ph
[2026-08-20 18:50:48] ❌ Failed to send to vsse@acabar.com.ph: Outlook did not accept the message (not found in Sent or Outbox). Check Outlook for security prompts or Drafts.
[2026-08-20 18:51:35] ❌ Failed to send to rmmandap@acabar.com.ph: Outlook did not accept the message (not found in Sent or Outbox). Check Outlook for security prompts or Drafts.
[2026-08-20 18:51:35] 🔄 Retrying 3 failed emails...
[2026-08-20 18:51:35] 🔄 Retry attempt 1/3
[2026-08-20 18:55:16] Excel loaded and validated successfully.
[2026-08-20 18:55:22] Email sending process started.
[2026-08-20 18:55:22] 📋 Campaign ID: ESM-20260820-1787223322
[2026-08-20 18:55:22] 📋 Campaign created: ESM-20260820-1787223322
[2026-08-20 18:55:22] 🔍 Starting Excel data validation...
[2026-08-20 18:55:22] ✅ Validation complete. 5 valid rows ready to send.
[2026-08-20 18:55:22] ✅ Connected to Outlook successfully.
[2026-08-20 18:55:53] ✅ Sent to jhudel.acabar@gmail.com
[2026-08-20 18:55:54] ✅ Sent to agdeguzman@acabar.com.ph
[2026-08-20 18:56:25] ✅ Sent to rdibay@acabar.com.ph
[2026-08-20 18:56:27] ✅ Sent to vsse@acabar.com.ph
[2026-08-20 18:56:29] ✅ Sent to rmmandap@acabar.com.ph
[2026-08-20 18:56:29] 📊 Sending complete: 5 sent, 0 failed, 0 unknown, 0 cancelled
[2026-08-20 19:00:28] Excel loaded and validated successfully.
[2026-08-20 19:00:39] Email sending process started.
[2026-08-20 19:00:39] 📋 Campaign ID: ESM-20260820-1787223639
[2026-08-20 19:00:39] 📋 Campaign created: ESM-20260820-1787223639
[2026-08-20 19:00:39] 🔍 Starting Excel data validation...
[2026-08-20 19:00:39] ✅ Validation complete. 5 valid rows ready to send.
[2026-08-20 19:00:39] ✅ Connected to Outlook successfully.
[2026-08-20 19:00:40] ✅ Sent to jhudel.acabar@gmail.com
[2026-08-20 19:00:42] ✅ Sent to agdeguzman@acabar.com.ph
[2026-08-20 19:00:44] ✅ Sent to rdibay@acabar.com.ph
[2026-08-20 19:00:46] ✅ Sent to vsse@acabar.com.ph
[2026-08-20 19:00:48] ✅ Sent to rmmandap@acabar.com.ph
[2026-08-20 19:00:48] 📊 Sending complete: 5 sent, 0 failed, 0 unknown, 0 cancelled
